// Jest Snapshot v1, https://goo.gl/fbAQLP

exports[`<Counter /> should match to snapshot when render default 1`] = `
<div
  className="Counter"
>
  <span
    className="Counter__value"
  >
    0
  </span>
  <input
    className="Counter__btn"
    onClick={[Function]}
    type="button"
    value="increment"
  />
  <input
    className="Counter__btn"
    onClick={[Function]}
    type="button"
    value="decrement"
  />
  <input
    className="Counter__btn"
    onClick={[Function]}
    type="button"
    value="Open ALERT Modal"
  />
        
  <input
    className="Counter__btn"
    onClick={[Function]}
    type="button"
    value="Open CONFIRM Modal"
  />
</div>
`;
